// Jest Snapshot v1, https://goo.gl/fbAQLP

exports[`<ListItem /> renders as expected 1`] = `
<div
  className="list-group-item"
  disabled={false}
  onClick={[Function]}
>
  <div
    className="row"
  >
    <div
      className="col-lg-4 col-md-5 col-sm-12 col"
    >
      <div
        className="card"
      >
        <img
          className="card-img"
          src="someURL"
        />
      </div>
    </div>
    <div
      className="col-lg-8 col-md-7 col-sm-12 col"
    >
      <div
        className="card"
      >
        <div
          className="card-body"
        >
          <div
            className="card-title h5"
          >
            some title
          </div>
          <p
            className="card-text"
          >
             
          </p>
        </div>
      </div>
    </div>
  </div>
</div>
`;
